
  [39;41;1m FAIL [39;49;22m[39m CategoryControllerTest[39m
  [31;1m⨯[39;22m[90m [39m[90madmin can create a category[39m[90m                                                                  [39m [90m0.62s[39m  
  [31;1m⨯[39;22m[90m [39m[90madmin can create a category with image[39m[90m                                                       [39m [90m0.08s[39m  
  [31m─────────────────────────────────────────────────────────────────────────────────────────────────────[39m  
  [41;1m FAILED [49;22m [1mCategoryControllerTest[22m [90m>[39m admin can create a category                                          
[39;1m  Expected response status code [201] but received 403.
Failed asserting that 403 is identical to 201.[39;22m

  at [32mtests\Feature\CategoryControllerTest.php[39m:[32m116[39m
    112▕             'name' => 'New Category',
    113▕         ]);
    114▕ 
    115▕         // Assert: Check creation and database entry
  ➜ 116▕         $response->assertStatus(201)
    117▕                  ->assertJson(['message' => 'Category created successfully.'])
    118▕                  ->assertJsonStructure(['category' => ['id', 'name', 'image_url', 'created_at', 'updated_at']]);
    119▕ 
    120▕         $this->assertDatabaseHas('categories', ['name' => 'New Category']);

  [31m─────────────────────────────────────────────────────────────────────────────────────────────────────[39m  
  [41;1m FAILED [49;22m [1mCategoryControllerTest[22m [90m>[39m admin can create a category with image                               
[39;1m  Expected response status code [201] but received 403.
Failed asserting that 403 is identical to 201.[39;22m

  at [32mtests\Feature\CategoryControllerTest.php[39m:[32m139[39m
    135▕             'image' => $image,
    136▕         ]);
    137▕ 
    138▕         // Assert: Check creation and database entry
  ➜ 139▕         $response->assertStatus(201)
    140▕                  ->assertJson(['message' => 'Category created successfully.'])
    141▕                  ->assertJsonStructure(['category' => ['id', 'name', 'image_url', 'created_at', 'updated_at']]);
    142▕ 
    143▕         $this->assertDatabaseHas('categories', [


  [90mTests:[39m    [31;1m2 failed[39;22m[90m (2 assertions)[39m
  [90mDuration:[39m [39m0.95s[39m

